// Jest Snapshot v1, https://goo.gl/fbAQLP

exports[`cssTransition helper Should be possible to change  collapse duration 1`] = `
<div>
  <div>
    Plop
  </div>
</div>
`;

exports[`cssTransition helper Should be possible to disable collapse animation 1`] = `
<div>
  <div>
    Plop
  </div>
</div>
`;

exports[`cssTransition helper Should be possible to prevent exit transition 1`] = `
<div>
  <div>
    Plop
  </div>
</div>
`;

exports[`cssTransition helper Should return a valid react component 1`] = `
<div>
  <div>
    Plop
  </div>
</div>
`;
