// Jest Snapshot v1, https://goo.gl/fbAQLP

exports[`ToastContainer Should allow glamor rule as className 1`] = `
.glamor-0,
[data-glamor-0] {
  background: red;
}

<ToastContainer
  autoClose={5000}
  bodyClassName={null}
  className={
    Object {
      "data-glamor-0": "",
    }
  }
  closeButton={
    <DefaultCloseButton
      ariaLabel="close"
    />
  }
  closeOnClick={true}
  hideProgressBar={false}
  newestOnTop={false}
  pauseOnHover={true}
  pauseOnVisibilityChange={true}
  position="top-right"
  progressClassName={null}
  rtl={false}
  style={null}
  toastClassName={null}
  transition={[Function]}
>
  <div />
</ToastContainer>
`;
