// Jest Snapshot v1, https://goo.gl/fbAQLP

exports[`Toast Should allow glamor rule as className 1`] = `
.css-zhwiot,
[data-css-zhwiot] {
  position: relative;
  min-height: 48px;
  margin-bottom: 1rem;
  padding: 8px;
  border-radius: 1px;
  box-shadow: 0 1px 10px 0 rgba(0, 0, 0, .1), 0 2px 15px 0 rgba(0, 0, 0, .05);
  display: -webkit-box;
  display: -moz-box;
  display: -ms-flexbox;
  display: -webkit-flex;
  display: flex;
  justify-content: space-between;
  max-height: 800px;
  overflow: hidden;
  font-family: sans-serif;
  cursor: pointer;
  background: red;
  color: #aaa;
  -webkit-box-pack: justify;
  -webkit-justify-content: space-between;
}

.css-6qy7r3,
[data-css-6qy7r3] {
  margin: auto 0;
  flex: 1;
  color: blue;
  -webkit-flex: 1;
}

@media only screen and (max-width : 480px) {
  .css-zhwiot,
  [data-css-zhwiot] {
    margin-bottom: 0;
  }
}

<DefaultTransition
  appear={true}
  in={true}
  position="top-right"
  unmountOnExit={true}
>
  <div
    data-css-zhwiot=""
    onClick={[Function]}
  >
    <div
      data-css-6qy7r3=""
      role="alert"
    >
      FooBar
    </div>
    <DefaultCloseButton
      ariaLabel="close"
    />
  </div>
</DefaultTransition>
`;
